<?xml version="1.0" encoding="UTF-8"?>
<testsuites name="jest tests" tests="8" failures="0" errors="0" time="4.116">
  <testsuite name="Order Service" errors="0" failures="0" skipped="0" timestamp="2025-10-31T11:34:58" time="1.706" tests="3">
    <testcase classname="Order Service a. Order creation – should create order with valid data" name="Order Service a. Order creation – should create order with valid data" time="0.119">
    </testcase>
    <testcase classname="Order Service b. Order creation – should reject order with insufficient stock" name="Order Service b. Order creation – should reject order with insufficient stock" time="0.041">
    </testcase>
    <testcase classname="Order Service c. Order creation – should reject order with invalid quantity" name="Order Service c. Order creation – should reject order with invalid quantity" time="0.021">
    </testcase>
  </testsuite>
  <testsuite name="User Service - Existing API Tests" errors="0" failures="0" skipped="0" timestamp="2025-10-31T11:34:58" time="2.471" tests="5">
    <testcase classname="User Service - Existing API Tests a. Should fetch all users successfully" name="User Service - Existing API Tests a. Should fetch all users successfully" time="0.144">
    </testcase>
    <testcase classname="User Service - Existing API Tests b. Should reject invalid user ID (email validation equivalent)" name="User Service - Existing API Tests b. Should reject invalid user ID (email validation equivalent)" time="0.024">
    </testcase>
    <testcase classname="User Service - Existing API Tests c. Should handle user creation validation (age check simulation)" name="User Service - Existing API Tests c. Should handle user creation validation (age check simulation)" time="0.018">
    </testcase>
    <testcase classname="User Service - Existing API Tests d. Should confirm system health (JWT/auth system ready)" name="User Service - Existing API Tests d. Should confirm system health (JWT/auth system ready)" time="0.087">
    </testcase>
    <testcase classname="User Service - Existing API Tests e. Should reject invalid auth endpoint (password validation)" name="User Service - Existing API Tests e. Should reject invalid auth endpoint (password validation)" time="0.013">
    </testcase>
  </testsuite>
</testsuites>